20:18:08  src.pre_cpcv.data_loader  INFO  [data_loader] BTC-USD: 2014-11-01 → 2026-04-30 | 4199 rows | 0 warning(s)
20:18:12  src.pre_cpcv.labeling  INFO  Triple-barrier: 1266 events labeled. Class distribution: {1: 661, -1: 498, 0: 107}
20:18:14  src.pre_cpcv.labeling  WARNING  Dropped 107 row(s) belonging to rare class(es) [0] (< 8.5%).
20:18:15  src.pre_cpcv.sample_weights  INFO  Capped 12 weights at 2.83 (99% percentile).
20:18:17  src.pre_cpcv.features  INFO  Lag features: 6 columns, 4199 rows (lags=[1, 2, 3, 7, 14, 30]).
20:18:17  src.pre_cpcv.features  INFO  TA features: 25 columns, 4199 rows.
20:18:19  src.pre_cpcv.external_features  INFO  External features loaded from cache (22 cols).
20:18:19  src.pre_cpcv.features  INFO  Math features loaded from cache ({'shannon_entropy', 'variance_ratio', 'hurst', 'jarque_bera', 'smt_poly1', 'smt_exp', 'lz_complexity', 'negentropy', 'sadf'}).
20:18:20  src.pre_cpcv.features  INFO  Log-transformed columns: signed=['obv', 'chaikin_osc'], unsigned=['atr']
20:18:42  src.pre_cpcv.alignment  WARNING  Remaining NaNs in 1 feature column(s) after alignment:
oil_ret_30    1
20:18:42  src.pre_cpcv.alignment  INFO  Alignment validation passed (1159 samples, 62 features).
20:18:43  src.cpcv.cv  INFO  CPCV: 28 splits generated (N=8, k=2, embargo=11 obs).
20:18:43  src.cpcv.cv  INFO  Path matrix: 7 paths, 8 groups, 28 splits.
20:18:46  src.cpcv.pipeline  INFO  ============================================================
20:18:46  src.cpcv.pipeline  INFO  CPCV Pipeline
20:18:46  src.cpcv.pipeline  INFO  ============================================================
20:18:46  src.cpcv.pipeline  INFO    Models:         ['ar_logistic']
20:18:46  src.cpcv.pipeline  INFO    Seeds/fold:     3
20:18:46  src.cpcv.pipeline  INFO    Groups (N):     8
20:18:46  src.cpcv.pipeline  INFO    Test groups (k):2
20:18:46  src.cpcv.pipeline  INFO    Embargo:        1.0%
20:18:46  src.cpcv.pipeline  INFO    FFD columns:    ['atr']
20:18:46  src.cpcv.pipeline  INFO    Samples:        1159
20:18:46  src.cpcv.pipeline  INFO    Features:       62
20:18:46  src.cpcv.pipeline  INFO    Splits:         28, Paths: 7
20:18:46  src.cpcv.pipeline  INFO    Tuning:         OFF
20:18:46  src.cpcv.pipeline  INFO  ============================================================
20:18:46  src.cpcv.preprocessing  INFO  Feature selection skipped (AR Logistic uses lagged returns only)
20:18:46  src.cpcv.pipeline  INFO    Preprocessing: FFD + scaling only (no feature selection), train=688 + cal=172, test=89
20:18:46  src.cpcv.pipeline  INFO    AR Logistic lags: [1, 2, 3, 7, 14, 30]
20:18:46  src.cpcv.pipeline  INFO    [  1/84]          ar_logistic (seed=0) F1=0.540  AUC=0.567  LL=0.6932 (0.0s)
20:18:47  src.cpcv.pipeline  INFO    [  2/84]          ar_logistic (seed=1) F1=0.540  AUC=0.567  LL=0.6932 (0.0s)
20:18:47  src.cpcv.pipeline  INFO    [  3/84]          ar_logistic (seed=2) F1=0.540  AUC=0.567  LL=0.6932 (0.0s)
20:18:47  src.cpcv.preprocessing  INFO  Feature selection skipped (AR Logistic uses lagged returns only)
20:18:47  src.cpcv.pipeline  INFO    Preprocessing: FFD + scaling only (no feature selection), train=643 + cal=161, test=144
20:18:47  src.cpcv.pipeline  INFO    AR Logistic lags: [1, 2, 3, 7, 14, 30]
20:18:47  src.cpcv.pipeline  INFO    [  4/84]          ar_logistic (seed=0) F1=0.446  AUC=0.507  LL=0.7297 (0.0s)
20:18:47  src.cpcv.pipeline  INFO    [  5/84]          ar_logistic (seed=1) F1=0.446  AUC=0.507  LL=0.7297 (0.0s)
20:18:47  src.cpcv.pipeline  INFO    [  6/84]          ar_logistic (seed=2) F1=0.446  AUC=0.507  LL=0.7297 (0.0s)
20:18:47  src.cpcv.preprocessing  INFO  Feature selection skipped (AR Logistic uses lagged returns only)
20:18:47  src.cpcv.pipeline  INFO    Preprocessing: FFD + scaling only (no feature selection), train=644 + cal=161, test=144
20:18:47  src.cpcv.pipeline  INFO    AR Logistic lags: [1, 2, 3, 7, 14, 30]
20:18:47  src.cpcv.pipeline  INFO    [  7/84]          ar_logistic (seed=0) F1=0.454  AUC=0.529  LL=0.6957 (0.0s)
20:18:47  src.cpcv.pipeline  INFO    [  8/84]          ar_logistic (seed=1) F1=0.454  AUC=0.529  LL=0.6957 (0.0s)
20:18:47  src.cpcv.pipeline  INFO    [  9/84]          ar_logistic (seed=2) F1=0.454  AUC=0.529  LL=0.6957 (0.0s)
20:18:47  src.cpcv.preprocessing  INFO  Feature selection skipped (AR Logistic uses lagged returns only)
20:18:47  src.cpcv.pipeline  INFO    Preprocessing: FFD + scaling only (no feature selection), train=644 + cal=161, test=144
20:18:47  src.cpcv.pipeline  INFO    AR Logistic lags: [1, 2, 3, 7, 14, 30]
20:18:47  src.cpcv.pipeline  INFO    [ 10/84]          ar_logistic (seed=0) F1=0.374  AUC=0.439  LL=0.6796 (0.0s)
20:18:47  src.cpcv.pipeline  INFO    [ 11/84]          ar_logistic (seed=1) F1=0.374  AUC=0.439  LL=0.6796 (0.0s)
20:18:47  src.cpcv.pipeline  INFO    [ 12/84]          ar_logistic (seed=2) F1=0.374  AUC=0.439  LL=0.6796 (0.0s)
20:18:48  src.cpcv.preprocessing  INFO  Feature selection skipped (AR Logistic uses lagged returns only)
20:18:48  src.cpcv.pipeline  INFO    Preprocessing: FFD + scaling only (no feature selection), train=642 + cal=161, test=144
20:18:48  src.cpcv.pipeline  INFO    AR Logistic lags: [1, 2, 3, 7, 14, 30]
20:18:48  src.cpcv.pipeline  INFO    [ 13/84]          ar_logistic (seed=0) F1=0.408  AUC=0.404  LL=0.7585 (0.0s)
20:18:48  src.cpcv.pipeline  INFO    [ 14/84]          ar_logistic (seed=1) F1=0.408  AUC=0.404  LL=0.7585 (0.0s)
20:18:48  src.cpcv.pipeline  INFO    [ 15/84]          ar_logistic (seed=2) F1=0.408  AUC=0.404  LL=0.7585 (0.0s)
20:18:48  src.cpcv.preprocessing  INFO  Feature selection skipped (AR Logistic uses lagged returns only)
20:18:48  src.cpcv.pipeline  INFO    Preprocessing: FFD + scaling only (no feature selection), train=643 + cal=161, test=144
20:18:48  src.cpcv.pipeline  INFO    AR Logistic lags: [1, 2, 3, 7, 14, 30]
20:18:48  src.cpcv.pipeline  INFO    [ 16/84]          ar_logistic (seed=0) F1=0.556  AUC=0.605  LL=0.6817 (0.0s)
20:18:48  src.cpcv.pipeline  INFO    [ 17/84]          ar_logistic (seed=1) F1=0.556  AUC=0.605  LL=0.6817 (0.0s)
20:18:48  src.cpcv.pipeline  INFO    [ 18/84]          ar_logistic (seed=2) F1=0.556  AUC=0.605  LL=0.6817 (0.0s)
20:18:48  src.cpcv.preprocessing  INFO  Feature selection skipped (AR Logistic uses lagged returns only)
20:18:48  src.cpcv.pipeline  INFO    Preprocessing: FFD + scaling only (no feature selection), train=644 + cal=162, test=151
20:18:48  src.cpcv.pipeline  INFO    AR Logistic lags: [1, 2, 3, 7, 14, 30]
20:18:48  src.cpcv.pipeline  INFO    [ 19/84]          ar_logistic (seed=0) F1=0.507  AUC=0.570  LL=0.6822 (0.0s)
20:18:48  src.cpcv.pipeline  INFO    [ 20/84]          ar_logistic (seed=1) F1=0.507  AUC=0.570  LL=0.6822 (0.0s)
20:18:48  src.cpcv.pipeline  INFO    [ 21/84]          ar_logistic (seed=2) F1=0.507  AUC=0.570  LL=0.6822 (0.0s)
20:18:49  src.cpcv.preprocessing  INFO  Feature selection skipped (AR Logistic uses lagged returns only)
20:18:49  src.cpcv.pipeline  INFO    Preprocessing: FFD + scaling only (no feature selection), train=572 + cal=144, test=233
20:18:49  src.cpcv.pipeline  INFO    AR Logistic lags: [1, 2, 3, 7, 14, 30]
20:18:49  src.cpcv.pipeline  INFO    [ 22/84]          ar_logistic (seed=0) F1=0.529  AUC=0.540  LL=0.7380 (0.0s)
20:18:49  src.cpcv.pipeline  INFO    [ 23/84]          ar_logistic (seed=1) F1=0.529  AUC=0.540  LL=0.7380 (0.0s)
20:18:49  src.cpcv.pipeline  INFO    [ 24/84]          ar_logistic (seed=2) F1=0.529  AUC=0.540  LL=0.7380 (0.0s)
20:18:49  src.cpcv.preprocessing  INFO  Feature selection skipped (AR Logistic uses lagged returns only)
20:18:49  src.cpcv.pipeline  INFO    Preprocessing: FFD + scaling only (no feature selection), train=564 + cal=141, test=233
20:18:49  src.cpcv.pipeline  INFO    AR Logistic lags: [1, 2, 3, 7, 14, 30]
20:18:49  src.cpcv.pipeline  INFO    [ 25/84]          ar_logistic (seed=0) F1=0.526  AUC=0.555  LL=0.7140 (0.0s)
20:18:49  src.cpcv.pipeline  INFO    [ 26/84]          ar_logistic (seed=1) F1=0.526  AUC=0.555  LL=0.7140 (0.0s)
20:18:49  src.cpcv.pipeline  INFO    [ 27/84]          ar_logistic (seed=2) F1=0.526  AUC=0.555  LL=0.7140 (0.0s)
20:18:49  src.cpcv.preprocessing  INFO  Feature selection skipped (AR Logistic uses lagged returns only)
20:18:49  src.cpcv.pipeline  INFO    Preprocessing: FFD + scaling only (no feature selection), train=564 + cal=141, test=233
20:18:49  src.cpcv.pipeline  INFO    AR Logistic lags: [1, 2, 3, 7, 14, 30]
20:18:49  src.cpcv.pipeline  INFO    [ 28/84]          ar_logistic (seed=0) F1=0.550  AUC=0.532  LL=0.7055 (0.0s)
20:18:49  src.cpcv.pipeline  INFO    [ 29/84]          ar_logistic (seed=1) F1=0.550  AUC=0.532  LL=0.7055 (0.0s)
20:18:49  src.cpcv.pipeline  INFO    [ 30/84]          ar_logistic (seed=2) F1=0.550  AUC=0.532  LL=0.7055 (0.0s)
20:18:50  src.cpcv.preprocessing  INFO  Feature selection skipped (AR Logistic uses lagged returns only)
20:18:50  src.cpcv.pipeline  INFO    Preprocessing: FFD + scaling only (no feature selection), train=562 + cal=141, test=233
20:18:50  src.cpcv.pipeline  INFO    AR Logistic lags: [1, 2, 3, 7, 14, 30]
20:18:50  src.cpcv.pipeline  INFO    [ 31/84]          ar_logistic (seed=0) F1=0.428  AUC=0.439  LL=0.7641 (0.0s)
20:18:50  src.cpcv.pipeline  INFO    [ 32/84]          ar_logistic (seed=1) F1=0.428  AUC=0.439  LL=0.7641 (0.0s)
20:18:50  src.cpcv.pipeline  INFO    [ 33/84]          ar_logistic (seed=2) F1=0.428  AUC=0.439  LL=0.7641 (0.0s)
20:18:50  src.cpcv.preprocessing  INFO  Feature selection skipped (AR Logistic uses lagged returns only)
20:18:50  src.cpcv.pipeline  INFO    Preprocessing: FFD + scaling only (no feature selection), train=563 + cal=141, test=233
20:18:50  src.cpcv.pipeline  INFO    AR Logistic lags: [1, 2, 3, 7, 14, 30]
20:18:50  src.cpcv.pipeline  INFO    [ 34/84]          ar_logistic (seed=0) F1=0.565  AUC=0.584  LL=0.7043 (0.0s)
20:18:50  src.cpcv.pipeline  INFO    [ 35/84]          ar_logistic (seed=1) F1=0.565  AUC=0.584  LL=0.7043 (0.0s)
20:18:50  src.cpcv.pipeline  INFO    [ 36/84]          ar_logistic (seed=2) F1=0.565  AUC=0.584  LL=0.7043 (0.0s)
20:18:50  src.cpcv.preprocessing  INFO  Feature selection skipped (AR Logistic uses lagged returns only)
20:18:50  src.cpcv.pipeline  INFO    Preprocessing: FFD + scaling only (no feature selection), train=564 + cal=142, test=240
20:18:50  src.cpcv.pipeline  INFO    AR Logistic lags: [1, 2, 3, 7, 14, 30]
20:18:50  src.cpcv.pipeline  INFO    [ 37/84]          ar_logistic (seed=0) F1=0.485  AUC=0.597  LL=0.6752 (0.0s)
20:18:50  src.cpcv.pipeline  INFO    [ 38/84]          ar_logistic (seed=1) F1=0.485  AUC=0.597  LL=0.6752 (0.0s)
20:18:50  src.cpcv.pipeline  INFO    [ 39/84]          ar_logistic (seed=2) F1=0.485  AUC=0.597  LL=0.6752 (0.0s)
20:18:50  src.cpcv.preprocessing  INFO  Feature selection skipped (AR Logistic uses lagged returns only)
20:18:50  src.cpcv.pipeline  INFO    Preprocessing: FFD + scaling only (no feature selection), train=528 + cal=132, test=288
20:18:50  src.cpcv.pipeline  INFO    AR Logistic lags: [1, 2, 3, 7, 14, 30]
20:18:50  src.cpcv.pipeline  INFO    [ 40/84]          ar_logistic (seed=0) F1=0.502  AUC=0.523  LL=0.7144 (0.0s)
20:18:50  src.cpcv.pipeline  INFO    [ 41/84]          ar_logistic (seed=1) F1=0.502  AUC=0.523  LL=0.7144 (0.0s)
20:18:50  src.cpcv.pipeline  INFO    [ 42/84]          ar_logistic (seed=2) F1=0.502  AUC=0.523  LL=0.7144 (0.0s)
20:18:51  src.cpcv.preprocessing  INFO  Feature selection skipped (AR Logistic uses lagged returns only)
20:18:51  src.cpcv.pipeline  INFO    Preprocessing: FFD + scaling only (no feature selection), train=519 + cal=130, test=288
20:18:51  src.cpcv.pipeline  INFO    AR Logistic lags: [1, 2, 3, 7, 14, 30]
20:18:51  src.cpcv.pipeline  INFO    [ 43/84]          ar_logistic (seed=0) F1=0.407  AUC=0.450  LL=0.6986 (0.0s)
20:18:51  src.cpcv.pipeline  INFO    [ 44/84]          ar_logistic (seed=1) F1=0.407  AUC=0.450  LL=0.6986 (0.0s)
20:18:51  src.cpcv.pipeline  INFO    [ 45/84]          ar_logistic (seed=2) F1=0.407  AUC=0.450  LL=0.6986 (0.0s)
20:18:51  src.cpcv.preprocessing  INFO  Feature selection skipped (AR Logistic uses lagged returns only)
20:18:51  src.cpcv.pipeline  INFO    Preprocessing: FFD + scaling only (no feature selection), train=517 + cal=130, test=288
20:18:51  src.cpcv.pipeline  INFO    AR Logistic lags: [1, 2, 3, 7, 14, 30]
20:18:51  src.cpcv.pipeline  INFO    [ 46/84]          ar_logistic (seed=0) F1=0.475  AUC=0.478  LL=0.7489 (0.0s)
20:18:51  src.cpcv.pipeline  INFO    [ 47/84]          ar_logistic (seed=1) F1=0.475  AUC=0.478  LL=0.7489 (0.0s)
20:18:51  src.cpcv.pipeline  INFO    [ 48/84]          ar_logistic (seed=2) F1=0.475  AUC=0.478  LL=0.7489 (0.0s)
20:18:51  src.cpcv.preprocessing  INFO  Feature selection skipped (AR Logistic uses lagged returns only)
20:18:51  src.cpcv.pipeline  INFO    Preprocessing: FFD + scaling only (no feature selection), train=518 + cal=130, test=288
20:18:51  src.cpcv.pipeline  INFO    AR Logistic lags: [1, 2, 3, 7, 14, 30]
20:18:51  src.cpcv.pipeline  INFO    [ 49/84]          ar_logistic (seed=0) F1=0.511  AUC=0.526  LL=0.7135 (0.0s)
20:18:51  src.cpcv.pipeline  INFO    [ 50/84]          ar_logistic (seed=1) F1=0.511  AUC=0.526  LL=0.7135 (0.0s)
20:18:51  src.cpcv.pipeline  INFO    [ 51/84]          ar_logistic (seed=2) F1=0.511  AUC=0.526  LL=0.7135 (0.0s)
20:18:52  src.cpcv.preprocessing  INFO  Feature selection skipped (AR Logistic uses lagged returns only)
20:18:52  src.cpcv.pipeline  INFO    Preprocessing: FFD + scaling only (no feature selection), train=520 + cal=130, test=295
20:18:52  src.cpcv.pipeline  INFO    AR Logistic lags: [1, 2, 3, 7, 14, 30]
20:18:52  src.cpcv.pipeline  INFO    [ 52/84]          ar_logistic (seed=0) F1=0.495  AUC=0.535  LL=0.6981 (0.0s)
20:18:52  src.cpcv.pipeline  INFO    [ 53/84]          ar_logistic (seed=1) F1=0.495  AUC=0.535  LL=0.6981 (0.0s)
20:18:52  src.cpcv.pipeline  INFO    [ 54/84]          ar_logistic (seed=2) F1=0.495  AUC=0.535  LL=0.6981 (0.0s)
20:18:52  src.cpcv.preprocessing  INFO  Feature selection skipped (AR Logistic uses lagged returns only)
20:18:52  src.cpcv.pipeline  INFO    Preprocessing: FFD + scaling only (no feature selection), train=528 + cal=133, test=288
20:18:52  src.cpcv.pipeline  INFO    AR Logistic lags: [1, 2, 3, 7, 14, 30]
20:18:52  src.cpcv.pipeline  INFO    [ 55/84]          ar_logistic (seed=0) F1=0.439  AUC=0.468  LL=0.6925 (0.0s)
20:18:52  src.cpcv.pipeline  INFO    [ 56/84]          ar_logistic (seed=1) F1=0.439  AUC=0.468  LL=0.6925 (0.0s)
20:18:52  src.cpcv.pipeline  INFO    [ 57/84]          ar_logistic (seed=2) F1=0.439  AUC=0.468  LL=0.6925 (0.0s)
20:18:52  src.cpcv.preprocessing  INFO  Feature selection skipped (AR Logistic uses lagged returns only)
20:18:52  src.cpcv.pipeline  INFO    Preprocessing: FFD + scaling only (no feature selection), train=518 + cal=130, test=288
20:18:52  src.cpcv.pipeline  INFO    AR Logistic lags: [1, 2, 3, 7, 14, 30]
20:18:52  src.cpcv.pipeline  INFO    [ 58/84]          ar_logistic (seed=0) F1=0.463  AUC=0.484  LL=0.7401 (0.0s)
20:18:52  src.cpcv.pipeline  INFO    [ 59/84]          ar_logistic (seed=1) F1=0.463  AUC=0.484  LL=0.7401 (0.0s)
20:18:52  src.cpcv.pipeline  INFO    [ 60/84]          ar_logistic (seed=2) F1=0.463  AUC=0.484  LL=0.7401 (0.0s)
20:18:53  src.cpcv.preprocessing  INFO  Feature selection skipped (AR Logistic uses lagged returns only)
20:18:53  src.cpcv.pipeline  INFO    Preprocessing: FFD + scaling only (no feature selection), train=519 + cal=130, test=288
20:18:53  src.cpcv.pipeline  INFO    AR Logistic lags: [1, 2, 3, 7, 14, 30]
20:18:53  src.cpcv.pipeline  INFO    [ 61/84]          ar_logistic (seed=0) F1=0.517  AUC=0.567  LL=0.6946 (0.0s)
20:18:53  src.cpcv.pipeline  INFO    [ 62/84]          ar_logistic (seed=1) F1=0.517  AUC=0.567  LL=0.6946 (0.0s)
20:18:53  src.cpcv.pipeline  INFO    [ 63/84]          ar_logistic (seed=2) F1=0.517  AUC=0.567  LL=0.6946 (0.0s)
20:18:53  src.cpcv.preprocessing  INFO  Feature selection skipped (AR Logistic uses lagged returns only)
20:18:53  src.cpcv.pipeline  INFO    Preprocessing: FFD + scaling only (no feature selection), train=520 + cal=131, test=295
20:18:53  src.cpcv.pipeline  INFO    AR Logistic lags: [1, 2, 3, 7, 14, 30]
20:18:53  src.cpcv.pipeline  INFO    [ 64/84]          ar_logistic (seed=0) F1=0.493  AUC=0.532  LL=0.6947 (0.0s)
20:18:53  src.cpcv.pipeline  INFO    [ 65/84]          ar_logistic (seed=1) F1=0.493  AUC=0.532  LL=0.6947 (0.0s)
20:18:53  src.cpcv.pipeline  INFO    [ 66/84]          ar_logistic (seed=2) F1=0.493  AUC=0.532  LL=0.6947 (0.0s)
20:18:53  src.cpcv.preprocessing  INFO  Feature selection skipped (AR Logistic uses lagged returns only)
20:18:53  src.cpcv.pipeline  INFO    Preprocessing: FFD + scaling only (no feature selection), train=528 + cal=133, test=288
20:18:53  src.cpcv.pipeline  INFO    AR Logistic lags: [1, 2, 3, 7, 14, 30]
20:18:53  src.cpcv.pipeline  INFO    [ 67/84]          ar_logistic (seed=0) F1=0.517  AUC=0.508  LL=0.7194 (0.0s)
20:18:53  src.cpcv.pipeline  INFO    [ 68/84]          ar_logistic (seed=1) F1=0.517  AUC=0.508  LL=0.7194 (0.0s)
20:18:53  src.cpcv.pipeline  INFO    [ 69/84]          ar_logistic (seed=2) F1=0.517  AUC=0.508  LL=0.7194 (0.0s)
20:18:53  src.cpcv.preprocessing  INFO  Feature selection skipped (AR Logistic uses lagged returns only)
20:18:53  src.cpcv.pipeline  INFO    Preprocessing: FFD + scaling only (no feature selection), train=519 + cal=130, test=288
20:18:53  src.cpcv.pipeline  INFO    AR Logistic lags: [1, 2, 3, 7, 14, 30]
20:18:53  src.cpcv.pipeline  INFO    [ 70/84]          ar_logistic (seed=0) F1=0.459  AUC=0.481  LL=0.6910 (0.0s)
20:18:53  src.cpcv.pipeline  INFO    [ 71/84]          ar_logistic (seed=1) F1=0.459  AUC=0.481  LL=0.6910 (0.0s)
20:18:53  src.cpcv.pipeline  INFO    [ 72/84]          ar_logistic (seed=2) F1=0.459  AUC=0.481  LL=0.6910 (0.0s)
20:18:54  src.cpcv.preprocessing  INFO  Feature selection skipped (AR Logistic uses lagged returns only)
20:18:54  src.cpcv.pipeline  INFO    Preprocessing: FFD + scaling only (no feature selection), train=520 + cal=131, test=295
20:18:54  src.cpcv.pipeline  INFO    AR Logistic lags: [1, 2, 3, 7, 14, 30]
20:18:54  src.cpcv.pipeline  INFO    [ 73/84]          ar_logistic (seed=0) F1=0.448  AUC=0.467  LL=0.6955 (0.0s)
20:18:54  src.cpcv.pipeline  INFO    [ 74/84]          ar_logistic (seed=1) F1=0.448  AUC=0.467  LL=0.6955 (0.0s)
20:18:54  src.cpcv.pipeline  INFO    [ 75/84]          ar_logistic (seed=2) F1=0.448  AUC=0.467  LL=0.6955 (0.0s)
20:18:54  src.cpcv.preprocessing  INFO  Feature selection skipped (AR Logistic uses lagged returns only)
20:18:54  src.cpcv.pipeline  INFO    Preprocessing: FFD + scaling only (no feature selection), train=527 + cal=132, test=288
20:18:54  src.cpcv.pipeline  INFO    AR Logistic lags: [1, 2, 3, 7, 14, 30]
20:18:54  src.cpcv.pipeline  INFO    [ 76/84]          ar_logistic (seed=0) F1=0.466  AUC=0.481  LL=0.7306 (0.0s)
20:18:54  src.cpcv.pipeline  INFO    [ 77/84]          ar_logistic (seed=1) F1=0.466  AUC=0.481  LL=0.7306 (0.0s)
20:18:54  src.cpcv.pipeline  INFO    [ 78/84]          ar_logistic (seed=2) F1=0.466  AUC=0.481  LL=0.7306 (0.0s)
20:18:54  src.cpcv.preprocessing  INFO  Feature selection skipped (AR Logistic uses lagged returns only)
20:18:54  src.cpcv.pipeline  INFO    Preprocessing: FFD + scaling only (no feature selection), train=519 + cal=130, test=295
20:18:54  src.cpcv.pipeline  INFO    AR Logistic lags: [1, 2, 3, 7, 14, 30]
20:18:54  src.cpcv.pipeline  INFO    [ 79/84]          ar_logistic (seed=0) F1=0.429  AUC=0.489  LL=0.6999 (0.0s)
20:18:54  src.cpcv.pipeline  INFO    [ 80/84]          ar_logistic (seed=1) F1=0.429  AUC=0.489  LL=0.6999 (0.0s)
20:18:54  src.cpcv.pipeline  INFO    [ 81/84]          ar_logistic (seed=2) F1=0.429  AUC=0.489  LL=0.6999 (0.0s)
20:18:55  src.cpcv.preprocessing  INFO  Feature selection skipped (AR Logistic uses lagged returns only)
20:18:55  src.cpcv.pipeline  INFO    Preprocessing: FFD + scaling only (no feature selection), train=531 + cal=133, test=295
20:18:55  src.cpcv.pipeline  INFO    AR Logistic lags: [1, 2, 3, 7, 14, 30]
20:18:55  src.cpcv.pipeline  INFO    [ 82/84]          ar_logistic (seed=0) F1=0.454  AUC=0.417  LL=0.7255 (0.0s)
20:18:55  src.cpcv.pipeline  INFO    [ 83/84]          ar_logistic (seed=1) F1=0.454  AUC=0.417  LL=0.7255 (0.0s)
20:18:55  src.cpcv.pipeline  INFO    [ 84/84]          ar_logistic (seed=2) F1=0.454  AUC=0.417  LL=0.7255 (0.0s)
20:18:55  src.cpcv.pipeline  INFO  ============================================================
20:18:55  src.cpcv.pipeline  INFO  CPCV Pipeline Complete
20:18:55  src.cpcv.pipeline  INFO  ============================================================
20:18:55  src.cpcv.pipeline  INFO    Total time:     8.5s (0.1m)
20:18:55  src.cpcv.pipeline  INFO    Tasks:          84 succeeded, 0 failed
20:18:55  src.cpcv.pipeline  INFO    Results keys:   84 (model, split, seed) entries
20:18:55  src.cpcv.pipeline  INFO    Backtest paths: 7
20:18:55  src.cpcv.pipeline  INFO  ============================================================
20:18:55  src.cpcv.pipeline  INFO  ============================================================
20:18:55  src.cpcv.pipeline  INFO  CPCV Pipeline
20:18:55  src.cpcv.pipeline  INFO  ============================================================
20:18:55  src.cpcv.pipeline  INFO    Models:         ['logistic']
20:18:55  src.cpcv.pipeline  INFO    Seeds/fold:     3
20:18:55  src.cpcv.pipeline  INFO    Groups (N):     8
20:18:55  src.cpcv.pipeline  INFO    Test groups (k):2
20:18:55  src.cpcv.pipeline  INFO    Embargo:        1.0%
20:18:55  src.cpcv.pipeline  INFO    FFD columns:    ['atr']
20:18:55  src.cpcv.pipeline  INFO    Samples:        1159
20:18:55  src.cpcv.pipeline  INFO    Features:       62
20:18:55  src.cpcv.pipeline  INFO    Splits:         28, Paths: 7
20:18:55  src.cpcv.pipeline  INFO    Tuning:         NESTED (per-split) — ['logistic'] [30 trials]
20:18:55  src.cpcv.pipeline  INFO  ============================================================
20:18:56  src.cpcv.preprocessing  INFO  Computing MDA (Random Forest)...
20:19:24  src.cpcv.preprocessing  INFO  Computing MDA (Logistic Regression)...
20:19:25  src.cpcv.preprocessing  INFO  Multi-model MDA: 16/62 passed (MDA > 0), 46 eliminated
20:19:25  src.cpcv.preprocessing  INFO    Selected (16): ['chaikin_osc', 'dxy_roc_30', 'exchange_supply_pct', 'gk_vol', 'jarque_bera', 'log_returns', 'log_returns_lag1', 'log_returns_lag7', 'roc_14', 'silver_ret_30', 'stoch_d', 'us10y', 'us2y', 'variance_ratio', 'vol_term_7_30', 'yield_curve_10y30y']
20:19:25  src.cpcv.pipeline  INFO    Preprocessing: 16 features selected, train=688 + cal=172, test=89
20:19:26  src.cpcv.tuning  INFO  Tuning (1 model) — Optuna TPE + Purged K-Fold (inner: 3 folds, embargo=10 obs)
20:19:26  src.cpcv.tuning  INFO    [tuning] logistic: 3 purged K-fold splits, 30 Optuna trials (TPE)
20:19:27  src.cpcv.tuning  INFO      logistic: 14 completed, 16 pruned (of 30 total) — best log_loss=0.6851, params={'C': 0.054502936945582565, 'penalty': 'l1'}
20:19:27  src.cpcv.tuning  INFO    [tuning] logistic done in 0.7s — best log_loss=0.6851
20:19:27  src.cpcv.tuning  INFO  Tuning total: 0.7s
20:19:27  src.cpcv.pipeline  INFO      applied logistic: {'C': 0.054502936945582565, 'penalty': 'l1'}
20:19:27  src.cpcv.pipeline  INFO    [  1/84]             logistic (seed=0) F1=0.502  AUC=0.508  LL=0.6794 (0.0s)
20:19:27  src.cpcv.pipeline  INFO    [  2/84]             logistic (seed=1) F1=0.502  AUC=0.508  LL=0.6794 (0.0s)
20:19:27  src.cpcv.pipeline  INFO    [  3/84]             logistic (seed=2) F1=0.502  AUC=0.508  LL=0.6794 (0.0s)
20:19:27  src.cpcv.preprocessing  INFO  Computing MDA (Random Forest)...
20:19:55  src.cpcv.preprocessing  INFO  Computing MDA (Logistic Regression)...
20:19:56  src.cpcv.preprocessing  INFO  Multi-model MDA: 49/62 passed (MDA > 0), 13 eliminated
20:19:56  src.cpcv.preprocessing  INFO    Capped at 18 features (top_k_frac=0.3)
20:19:56  src.cpcv.preprocessing  INFO    Selected (18): ['atr', 'bb_width', 'dxy_roc_30', 'ema_ratio_50_200', 'issuance_ntv', 'log_returns', 'macd_hist', 'nasdaq_ret_30', 'oil_ret_30', 'realized_vol', 'shannon_entropy', 'skewness', 'smt_exp', 'smt_poly1', 'stoch_d', 'tx_count_roc_14', 'us2y', 'yield_curve_2y10y']
20:19:56  src.cpcv.pipeline  INFO    Preprocessing: 18 features selected, train=643 + cal=161, test=144
20:19:56  src.cpcv.tuning  INFO  Tuning (1 model) — Optuna TPE + Purged K-Fold (inner: 3 folds, embargo=10 obs)
20:19:56  src.cpcv.tuning  INFO    [tuning] logistic: 3 purged K-fold splits, 30 Optuna trials (TPE)
20:19:56  src.cpcv.tuning  INFO      logistic: 23 completed, 7 pruned (of 30 total) — best log_loss=0.6931, params={'C': 0.017670169402947963, 'penalty': 'l1'}
20:19:56  src.cpcv.tuning  INFO    [tuning] logistic done in 0.5s — best log_loss=0.6931
20:19:56  src.cpcv.tuning  INFO  Tuning total: 0.5s
20:19:56  src.cpcv.pipeline  INFO      applied logistic: {'C': 0.017670169402947963, 'penalty': 'l1'}
20:19:56  src.cpcv.pipeline  INFO    [  4/84]             logistic (seed=0) F1=0.311  AUC=0.500  LL=0.7091 (0.0s)
20:19:56  src.cpcv.pipeline  INFO    [  5/84]             logistic (seed=1) F1=0.311  AUC=0.500  LL=0.7091 (0.0s)
20:19:56  src.cpcv.pipeline  INFO    [  6/84]             logistic (seed=2) F1=0.311  AUC=0.500  LL=0.7091 (0.0s)
20:19:57  src.cpcv.preprocessing  INFO  Computing MDA (Random Forest)...
20:20:22  src.cpcv.preprocessing  INFO  Computing MDA (Logistic Regression)...
20:20:23  src.cpcv.preprocessing  WARNING  Only 3 features with MDA > 0. Taking top 5 by MDA value.
20:20:23  src.cpcv.preprocessing  INFO  Multi-model MDA: 3/62 passed (MDA > 0), 59 eliminated
20:20:23  src.cpcv.preprocessing  INFO    Selected (5): ['jarque_bera', 'log_returns_lag1', 'oil_ret_30', 'roc_14', 'stoch_d']
20:20:23  src.cpcv.pipeline  INFO    Preprocessing: 5 features selected, train=644 + cal=161, test=144
20:20:23  src.cpcv.tuning  INFO  Tuning (1 model) — Optuna TPE + Purged K-Fold (inner: 3 folds, embargo=10 obs)
20:20:23  src.cpcv.tuning  INFO    [tuning] logistic: 3 purged K-fold splits, 30 Optuna trials (TPE)
20:20:23  src.cpcv.tuning  INFO      logistic: 12 completed, 18 pruned (of 30 total) — best log_loss=0.6924, params={'C': 0.054502936945582565, 'penalty': 'l1'}
20:20:23  src.cpcv.tuning  INFO    [tuning] logistic done in 0.4s — best log_loss=0.6924
20:20:23  src.cpcv.tuning  INFO  Tuning total: 0.4s
20:20:23  src.cpcv.pipeline  INFO      applied logistic: {'C': 0.054502936945582565, 'penalty': 'l1'}
20:20:23  src.cpcv.pipeline  INFO    [  7/84]             logistic (seed=0) F1=0.440  AUC=0.649  LL=0.6489 (0.0s)
20:20:23  src.cpcv.pipeline  INFO    [  8/84]             logistic (seed=1) F1=0.440  AUC=0.649  LL=0.6489 (0.0s)
20:20:23  src.cpcv.pipeline  INFO    [  9/84]             logistic (seed=2) F1=0.440  AUC=0.649  LL=0.6489 (0.0s)
20:20:24  src.cpcv.preprocessing  INFO  Computing MDA (Random Forest)...
20:20:45  src.cpcv.preprocessing  INFO  Computing MDA (Logistic Regression)...
20:20:46  src.cpcv.preprocessing  INFO  Multi-model MDA: 36/62 passed (MDA > 0), 26 eliminated
20:20:46  src.cpcv.preprocessing  INFO    Capped at 18 features (top_k_frac=0.3)
20:20:46  src.cpcv.preprocessing  INFO    Selected (18): ['active_addr_roc_14', 'atr', 'bb_width', 'dxy_roc_30', 'jarque_bera', 'log_returns_lag2', 'log_returns_lag30', 'macd_hist', 'mvrv', 'net_exchange_flow', 'obv', 'oil_ret_30', 'sadf', 'smt_exp', 'sp500_ret_30', 'stoch_d', 'vix', 'yield_curve_10y30y']
20:20:46  src.cpcv.pipeline  INFO    Preprocessing: 18 features selected, train=644 + cal=161, test=144
20:20:46  src.cpcv.tuning  INFO  Tuning (1 model) — Optuna TPE + Purged K-Fold (inner: 3 folds, embargo=10 obs)
20:20:46  src.cpcv.tuning  INFO    [tuning] logistic: 3 purged K-fold splits, 30 Optuna trials (TPE)
20:20:47  src.cpcv.tuning  INFO      logistic: 19 completed, 11 pruned (of 30 total) — best log_loss=0.6873, params={'C': 0.0003998412138823017, 'penalty': 'l2'}
20:20:47  src.cpcv.tuning  INFO    [tuning] logistic done in 0.7s — best log_loss=0.6873
20:20:47  src.cpcv.tuning  INFO  Tuning total: 0.7s
20:20:47  src.cpcv.pipeline  INFO      applied logistic: {'C': 0.0003998412138823017, 'penalty': 'l2'}
20:20:47  src.cpcv.pipeline  INFO    [ 10/84]             logistic (seed=0) F1=0.374  AUC=0.503  LL=0.6777 (0.0s)
20:20:47  src.cpcv.pipeline  INFO    [ 11/84]             logistic (seed=1) F1=0.374  AUC=0.503  LL=0.6777 (0.0s)
20:20:47  src.cpcv.pipeline  INFO    [ 12/84]             logistic (seed=2) F1=0.374  AUC=0.503  LL=0.6777 (0.0s)
20:20:47  src.cpcv.preprocessing  INFO  Computing MDA (Random Forest)...
20:21:08  src.cpcv.preprocessing  INFO  Computing MDA (Logistic Regression)...
20:21:09  src.cpcv.preprocessing  INFO  Multi-model MDA: 45/62 passed (MDA > 0), 17 eliminated
20:21:09  src.cpcv.preprocessing  INFO    Capped at 18 features (top_k_frac=0.3)
20:21:09  src.cpcv.preprocessing  INFO    Selected (18): ['bb_width', 'eth_btc_ratio', 'exchange_supply_pct', 'jarque_bera', 'kurtosis', 'log_returns', 'log_returns_lag30', 'macd_hist', 'mfi_14', 'mvrv', 'natgas_ret_30', 'obv', 'realized_vol', 'rsi', 'sadf', 'skewness', 'yield_curve_10y30y', 'yz_vol']
20:21:09  src.cpcv.pipeline  INFO    Preprocessing: 18 features selected, train=642 + cal=161, test=144
20:21:09  src.cpcv.tuning  INFO  Tuning (1 model) — Optuna TPE + Purged K-Fold (inner: 3 folds, embargo=10 obs)
20:21:09  src.cpcv.tuning  INFO    [tuning] logistic: 3 purged K-fold splits, 30 Optuna trials (TPE)
20:21:10  src.cpcv.tuning  INFO      logistic: 28 completed, 2 pruned (of 30 total) — best log_loss=0.6837, params={'C': 0.025943055296597954, 'penalty': 'l1'}
20:21:10  src.cpcv.tuning  INFO    [tuning] logistic done in 0.9s — best log_loss=0.6837
20:21:10  src.cpcv.tuning  INFO  Tuning total: 0.9s
20:21:10  src.cpcv.pipeline  INFO      applied logistic: {'C': 0.025943055296597954, 'penalty': 'l1'}
20:21:10  src.cpcv.pipeline  INFO    [ 13/84]             logistic (seed=0) F1=0.336  AUC=0.462  LL=0.6978 (0.0s)
20:21:10  src.cpcv.pipeline  INFO    [ 14/84]             logistic (seed=1) F1=0.336  AUC=0.462  LL=0.6978 (0.0s)
20:21:10  src.cpcv.pipeline  INFO    [ 15/84]             logistic (seed=2) F1=0.336  AUC=0.462  LL=0.6978 (0.0s)
20:21:10  src.cpcv.preprocessing  INFO  Computing MDA (Random Forest)...
20:21:31  src.cpcv.preprocessing  INFO  Computing MDA (Logistic Regression)...
20:21:32  src.cpcv.preprocessing  INFO  Multi-model MDA: 22/62 passed (MDA > 0), 40 eliminated
20:21:32  src.cpcv.preprocessing  INFO    Capped at 18 features (top_k_frac=0.3)
20:21:32  src.cpcv.preprocessing  INFO    Selected (18): ['chaikin_osc', 'dxy_roc_30', 'eth_btc_ratio', 'gold_ret_30', 'hashrate_roc_30', 'jarque_bera', 'kurtosis', 'macd', 'macd_signal', 'net_exchange_flow', 'obv', 'oil_ret_30', 'roc_14', 'shannon_entropy', 'smt_poly1', 'sp500_ret_30', 'stoch_k', 'yield_curve_10y30y']
20:21:32  src.cpcv.pipeline  INFO    Preprocessing: 18 features selected, train=643 + cal=161, test=144
20:21:32  src.cpcv.tuning  INFO  Tuning (1 model) — Optuna TPE + Purged K-Fold (inner: 3 folds, embargo=10 obs)
20:21:32  src.cpcv.tuning  INFO    [tuning] logistic: 3 purged K-fold splits, 30 Optuna trials (TPE)
20:21:33  src.cpcv.tuning  INFO      logistic: 24 completed, 6 pruned (of 30 total) — best log_loss=0.6833, params={'C': 0.017670169402947963, 'penalty': 'l1'}
20:21:33  src.cpcv.tuning  INFO    [tuning] logistic done in 0.7s — best log_loss=0.6833
20:21:33  src.cpcv.tuning  INFO  Tuning total: 0.7s
20:21:33  src.cpcv.pipeline  INFO      applied logistic: {'C': 0.017670169402947963, 'penalty': 'l1'}
20:21:33  src.cpcv.pipeline  INFO    [ 16/84]             logistic (seed=0) F1=0.473  AUC=0.517  LL=0.6835 (0.0s)
20:21:33  src.cpcv.pipeline  INFO    [ 17/84]             logistic (seed=1) F1=0.473  AUC=0.517  LL=0.6835 (0.0s)
20:21:33  src.cpcv.pipeline  INFO    [ 18/84]             logistic (seed=2) F1=0.473  AUC=0.517  LL=0.6835 (0.0s)
20:21:33  src.cpcv.preprocessing  INFO  Computing MDA (Random Forest)...
20:21:54  src.cpcv.preprocessing  INFO  Computing MDA (Logistic Regression)...
20:21:55  src.cpcv.preprocessing  INFO  Multi-model MDA: 29/62 passed (MDA > 0), 33 eliminated
20:21:55  src.cpcv.preprocessing  INFO    Capped at 18 features (top_k_frac=0.3)
20:21:55  src.cpcv.preprocessing  INFO    Selected (18): ['active_addr_roc_14', 'atr', 'bb_width', 'copper_ret_30', 'eth_btc_ratio', 'gold_ret_30', 'hurst', 'kurtosis', 'log_returns_lag1', 'log_returns_lag14', 'macd', 'macd_signal', 'net_exchange_flow', 'sadf', 'skewness', 'vol_term_30_90', 'williams_r', 'yield_curve_10y30y']
20:21:55  src.cpcv.pipeline  INFO    Preprocessing: 18 features selected, train=644 + cal=162, test=151
20:21:55  src.cpcv.tuning  INFO  Tuning (1 model) — Optuna TPE + Purged K-Fold (inner: 3 folds, embargo=10 obs)
20:21:55  src.cpcv.tuning  INFO    [tuning] logistic: 3 purged K-fold splits, 30 Optuna trials (TPE)
20:21:56  src.cpcv.tuning  INFO      logistic: 17 completed, 13 pruned (of 30 total) — best log_loss=0.6854, params={'C': 0.100177425156941, 'penalty': 'l1'}
20:21:56  src.cpcv.tuning  INFO    [tuning] logistic done in 0.5s — best log_loss=0.6854
20:21:56  src.cpcv.tuning  INFO  Tuning total: 0.5s
20:21:56  src.cpcv.pipeline  INFO      applied logistic: {'C': 0.100177425156941, 'penalty': 'l1'}
20:21:56  src.cpcv.pipeline  INFO    [ 19/84]             logistic (seed=0) F1=0.452  AUC=0.461  LL=0.7185 (0.0s)
20:21:56  src.cpcv.pipeline  INFO    [ 20/84]             logistic (seed=1) F1=0.452  AUC=0.461  LL=0.7185 (0.0s)
20:21:56  src.cpcv.pipeline  INFO    [ 21/84]             logistic (seed=2) F1=0.452  AUC=0.461  LL=0.7185 (0.0s)
20:21:56  src.cpcv.preprocessing  INFO  Computing MDA (Random Forest)...
20:22:15  src.cpcv.preprocessing  INFO  Computing MDA (Logistic Regression)...
20:22:16  src.cpcv.preprocessing  INFO  Multi-model MDA: 27/62 passed (MDA > 0), 35 eliminated
20:22:16  src.cpcv.preprocessing  INFO    Capped at 18 features (top_k_frac=0.3)
20:22:16  src.cpcv.preprocessing  INFO    Selected (18): ['cci_14', 'chaikin_osc', 'dxy_roc_30', 'eth_btc_ratio', 'gk_vol', 'gold_ret_30', 'hashrate_roc_30', 'hurst', 'jarque_bera', 'log_returns_lag1', 'log_returns_lag14', 'lz_complexity', 'roc_14', 'sadf', 'stoch_k', 'williams_r', 'yield_curve_2y10y', 'yz_vol']
20:22:16  src.cpcv.pipeline  INFO    Preprocessing: 18 features selected, train=572 + cal=144, test=233
20:22:16  src.cpcv.tuning  INFO  Tuning (1 model) — Optuna TPE + Purged K-Fold (inner: 3 folds, embargo=10 obs)
20:22:16  src.cpcv.tuning  INFO    [tuning] logistic: 3 purged K-fold splits, 30 Optuna trials (TPE)
20:22:17  src.cpcv.tuning  INFO      logistic: 14 completed, 16 pruned (of 30 total) — best log_loss=0.6839, params={'C': 0.054502936945582565, 'penalty': 'l1'}
20:22:17  src.cpcv.tuning  INFO    [tuning] logistic done in 0.7s — best log_loss=0.6839
20:22:17  src.cpcv.tuning  INFO  Tuning total: 0.7s
20:22:17  src.cpcv.pipeline  INFO      applied logistic: {'C': 0.054502936945582565, 'penalty': 'l1'}
20:22:17  src.cpcv.pipeline  INFO    [ 22/84]             logistic (seed=0) F1=0.515  AUC=0.541  LL=0.7105 (0.0s)
20:22:17  src.cpcv.pipeline  INFO    [ 23/84]             logistic (seed=1) F1=0.515  AUC=0.541  LL=0.7105 (0.0s)
20:22:17  src.cpcv.pipeline  INFO    [ 24/84]             logistic (seed=2) F1=0.515  AUC=0.541  LL=0.7105 (0.0s)
20:22:17  src.cpcv.preprocessing  INFO  Computing MDA (Random Forest)...
20:22:36  src.cpcv.preprocessing  INFO  Computing MDA (Logistic Regression)...
20:22:37  src.cpcv.preprocessing  INFO  Multi-model MDA: 53/62 passed (MDA > 0), 9 eliminated
20:22:37  src.cpcv.preprocessing  INFO    Capped at 18 features (top_k_frac=0.3)
20:22:37  src.cpcv.preprocessing  INFO    Selected (18): ['copper_ret_30', 'eth_btc_ratio', 'gk_vol', 'log_returns_lag3', 'macd', 'macd_hist', 'mvrv', 'net_exchange_flow', 'realized_vol', 'sadf', 'silver_ret_30', 'skewness', 'smt_exp', 'stoch_k', 'variance_ratio', 'vix', 'vol_term_30_90', 'vol_term_7_30']
20:22:37  src.cpcv.pipeline  INFO    Preprocessing: 18 features selected, train=564 + cal=141, test=233
20:22:37  src.cpcv.tuning  INFO  Tuning (1 model) — Optuna TPE + Purged K-Fold (inner: 3 folds, embargo=10 obs)
20:22:37  src.cpcv.tuning  INFO    [tuning] logistic: 3 purged K-fold splits, 30 Optuna trials (TPE)
20:22:37  src.cpcv.tuning  INFO      logistic: 24 completed, 6 pruned (of 30 total) — best log_loss=0.6858, params={'C': 0.12647598951788191, 'penalty': 'l1'}
20:22:37  src.cpcv.tuning  INFO    [tuning] logistic done in 0.5s — best log_loss=0.6858
20:22:37  src.cpcv.tuning  INFO  Tuning total: 0.5s
20:22:37  src.cpcv.pipeline  INFO      applied logistic: {'C': 0.12647598951788191, 'penalty': 'l1'}
20:22:37  src.cpcv.pipeline  INFO    [ 25/84]             logistic (seed=0) F1=0.496  AUC=0.496  LL=0.7198 (0.0s)
20:22:37  src.cpcv.pipeline  INFO    [ 26/84]             logistic (seed=1) F1=0.496  AUC=0.496  LL=0.7198 (0.0s)
20:22:37  src.cpcv.pipeline  INFO    [ 27/84]             logistic (seed=2) F1=0.496  AUC=0.496  LL=0.7198 (0.0s)
20:22:38  src.cpcv.preprocessing  INFO  Computing MDA (Random Forest)...
20:22:57  src.cpcv.preprocessing  INFO  Computing MDA (Logistic Regression)...
20:22:58  src.cpcv.preprocessing  INFO  Multi-model MDA: 38/62 passed (MDA > 0), 24 eliminated
20:22:58  src.cpcv.preprocessing  INFO    Capped at 18 features (top_k_frac=0.3)
20:22:58  src.cpcv.preprocessing  INFO    Selected (18): ['bb_width', 'cci_14', 'ema_ratio_50_200', 'exchange_supply_pct', 'gk_vol', 'jarque_bera', 'log_returns', 'log_returns_lag1', 'mvrv', 'natgas_ret_30', 'roc_14', 'sadf', 'silver_ret_30', 'smt_poly1', 'sp500_ret_30', 'stoch_k', 'tx_count_roc_14', 'williams_r']
20:22:58  src.cpcv.pipeline  INFO    Preprocessing: 18 features selected, train=564 + cal=141, test=233
20:22:58  src.cpcv.tuning  INFO  Tuning (1 model) — Optuna TPE + Purged K-Fold (inner: 3 folds, embargo=10 obs)
20:22:58  src.cpcv.tuning  INFO    [tuning] logistic: 3 purged K-fold splits, 30 Optuna trials (TPE)
20:22:59  src.cpcv.tuning  INFO      logistic: 27 completed, 3 pruned (of 30 total) — best log_loss=0.6825, params={'C': 0.054502936945582565, 'penalty': 'l1'}
20:22:59  src.cpcv.tuning  INFO    [tuning] logistic done in 0.7s — best log_loss=0.6825
20:22:59  src.cpcv.tuning  INFO  Tuning total: 0.7s
20:22:59  src.cpcv.pipeline  INFO      applied logistic: {'C': 0.054502936945582565, 'penalty': 'l1'}
20:22:59  src.cpcv.pipeline  INFO    [ 28/84]             logistic (seed=0) F1=0.431  AUC=0.540  LL=0.6702 (0.0s)
20:22:59  src.cpcv.pipeline  INFO    [ 29/84]             logistic (seed=1) F1=0.431  AUC=0.540  LL=0.6702 (0.0s)
20:22:59  src.cpcv.pipeline  INFO    [ 30/84]             logistic (seed=2) F1=0.431  AUC=0.540  LL=0.6702 (0.0s)
20:22:59  src.cpcv.preprocessing  INFO  Computing MDA (Random Forest)...
20:23:04  src.cpcv.pipeline  INFO  ============================================================
20:23:04  src.cpcv.pipeline  INFO  CPCV Pipeline
20:23:04  src.cpcv.pipeline  INFO  ============================================================
20:23:04  src.cpcv.pipeline  INFO    Models:         ['logistic']
20:23:04  src.cpcv.pipeline  INFO    Seeds/fold:     3
20:23:04  src.cpcv.pipeline  INFO    Groups (N):     8
20:23:04  src.cpcv.pipeline  INFO    Test groups (k):2
20:23:04  src.cpcv.pipeline  INFO    Embargo:        1.0%
20:23:04  src.cpcv.pipeline  INFO    FFD columns:    ['atr']
20:23:04  src.cpcv.pipeline  INFO    Samples:        1159
20:23:04  src.cpcv.pipeline  INFO    Features:       62
20:23:04  src.cpcv.pipeline  INFO    Splits:         28, Paths: 7
20:23:04  src.cpcv.pipeline  INFO    Tuning:         NESTED (per-split) — ['logistic'] [30 trials]
20:23:04  src.cpcv.pipeline  INFO  ============================================================
20:23:05  src.cpcv.preprocessing  INFO  Computing MDA (Random Forest)...
20:23:26  src.cpcv.preprocessing  INFO  Computing MDA (Logistic Regression)...
20:23:27  src.cpcv.preprocessing  INFO  Multi-model MDA: 16/62 passed (MDA > 0), 46 eliminated
20:23:27  src.cpcv.preprocessing  INFO    Selected (16): ['chaikin_osc', 'dxy_roc_30', 'exchange_supply_pct', 'gk_vol', 'jarque_bera', 'log_returns', 'log_returns_lag1', 'log_returns_lag7', 'roc_14', 'silver_ret_30', 'stoch_d', 'us10y', 'us2y', 'variance_ratio', 'vol_term_7_30', 'yield_curve_10y30y']
20:23:27  src.cpcv.pipeline  INFO    Preprocessing: 16 features selected, train=688 + cal=172, test=89
20:23:27  src.cpcv.tuning  INFO  Tuning (1 model) — Optuna TPE + Purged K-Fold (inner: 3 folds, embargo=10 obs)
20:23:27  src.cpcv.tuning  INFO    [tuning] logistic: 3 purged K-fold splits, 30 Optuna trials (TPE)
20:23:28  src.cpcv.tuning  INFO      logistic: 14 completed, 16 pruned (of 30 total) — best log_loss=0.6851, params={'C': 0.054502936945582565, 'penalty': 'l1'}
20:23:28  src.cpcv.tuning  INFO    [tuning] logistic done in 0.6s — best log_loss=0.6851
20:23:28  src.cpcv.tuning  INFO  Tuning total: 0.6s
20:23:28  src.cpcv.pipeline  INFO      applied logistic: {'C': 0.054502936945582565, 'penalty': 'l1'}
20:23:28  src.cpcv.pipeline  INFO    [  1/84]             logistic (seed=0) F1=0.502  AUC=0.508  LL=0.6794 (0.0s)
20:23:28  src.cpcv.pipeline  INFO    [  2/84]             logistic (seed=1) F1=0.502  AUC=0.508  LL=0.6794 (0.0s)
20:23:28  src.cpcv.pipeline  INFO    [  3/84]             logistic (seed=2) F1=0.502  AUC=0.508  LL=0.6794 (0.0s)
20:23:28  src.cpcv.preprocessing  INFO  Computing MDA (Random Forest)...
20:23:49  src.cpcv.preprocessing  INFO  Computing MDA (Logistic Regression)...
20:23:50  src.cpcv.preprocessing  INFO  Multi-model MDA: 49/62 passed (MDA > 0), 13 eliminated
20:23:50  src.cpcv.preprocessing  INFO    Capped at 18 features (top_k_frac=0.3)
20:23:50  src.cpcv.preprocessing  INFO    Selected (18): ['atr', 'bb_width', 'dxy_roc_30', 'ema_ratio_50_200', 'issuance_ntv', 'log_returns', 'macd_hist', 'nasdaq_ret_30', 'oil_ret_30', 'realized_vol', 'shannon_entropy', 'skewness', 'smt_exp', 'smt_poly1', 'stoch_d', 'tx_count_roc_14', 'us2y', 'yield_curve_2y10y']
20:23:50  src.cpcv.pipeline  INFO    Preprocessing: 18 features selected, train=643 + cal=161, test=144
20:23:50  src.cpcv.tuning  INFO  Tuning (1 model) — Optuna TPE + Purged K-Fold (inner: 3 folds, embargo=10 obs)
20:23:50  src.cpcv.tuning  INFO    [tuning] logistic: 3 purged K-fold splits, 30 Optuna trials (TPE)
20:23:51  src.cpcv.tuning  INFO      logistic: 23 completed, 7 pruned (of 30 total) — best log_loss=0.6931, params={'C': 0.017670169402947963, 'penalty': 'l1'}
20:23:51  src.cpcv.tuning  INFO    [tuning] logistic done in 0.4s — best log_loss=0.6931
20:23:51  src.cpcv.tuning  INFO  Tuning total: 0.4s
20:23:51  src.cpcv.pipeline  INFO      applied logistic: {'C': 0.017670169402947963, 'penalty': 'l1'}
20:23:51  src.cpcv.pipeline  INFO    [  4/84]             logistic (seed=0) F1=0.311  AUC=0.500  LL=0.7091 (0.0s)
20:23:51  src.cpcv.pipeline  INFO    [  5/84]             logistic (seed=1) F1=0.311  AUC=0.500  LL=0.7091 (0.0s)
20:23:51  src.cpcv.pipeline  INFO    [  6/84]             logistic (seed=2) F1=0.311  AUC=0.500  LL=0.7091 (0.0s)
20:23:51  src.cpcv.preprocessing  INFO  Computing MDA (Random Forest)...
